INFO:  latexindent version 3.23.6, 2024-01-17, a script to indent .tex files
       latexindent lives here: /usr/share/texlive/texmf-dist/scripts/latexindent/
       Sat Apr 11 22:41:31 2026
       Filename: /home/samir/Projects/PHD26/ai-agentic/academic-research-skills/main_paper/07_results.tex
INFO:  Processing switches:
       -s|--silent: Silent mode active (you have used either -s or --silent)
       -w|--overwrite: Overwrite mode active, will make a back up before overwriting
INFO:  Directory for backup files and indent.log:
       /home/samir/Projects/PHD26/ai-agentic/academic-research-skills/main_paper
INFO:  YAML settings read: defaultSettings.yaml
       Reading defaultSettings.yaml from /usr/share/texlive/texmf-dist/scripts/latexindent/defaultSettings.yaml
INFO:  YAML reading settings
       Home directory is /home/samir
       latexindent.pl didn't find indentconfig.yaml or .indentconfig.yaml
       see all possible locations: https://latexindentpl.readthedocs.io/en/latest/sec-appendices.html#indentconfig-options)
INFO:  Backup procedure (-w flag active):
       /home/samir/Projects/PHD26/ai-agentic/academic-research-skills/main_paper/07_results.bak0 already exists, incrementing by 1 (see maxNumberOfBackUps)
       /home/samir/Projects/PHD26/ai-agentic/academic-research-skills/main_paper/07_results.bak1 already exists, incrementing by 1 (see maxNumberOfBackUps)
       /home/samir/Projects/PHD26/ai-agentic/academic-research-skills/main_paper/07_results.bak2 already exists, incrementing by 1 (see maxNumberOfBackUps)
       /home/samir/Projects/PHD26/ai-agentic/academic-research-skills/main_paper/07_results.bak3 already exists, incrementing by 1 (see maxNumberOfBackUps)
       /home/samir/Projects/PHD26/ai-agentic/academic-research-skills/main_paper/07_results.bak4 already exists, incrementing by 1 (see maxNumberOfBackUps)
       /home/samir/Projects/PHD26/ai-agentic/academic-research-skills/main_paper/07_results.bak5 already exists, incrementing by 1 (see maxNumberOfBackUps)
       /home/samir/Projects/PHD26/ai-agentic/academic-research-skills/main_paper/07_results.bak6 already exists, incrementing by 1 (see maxNumberOfBackUps)
       /home/samir/Projects/PHD26/ai-agentic/academic-research-skills/main_paper/07_results.bak7 already exists, incrementing by 1 (see maxNumberOfBackUps)
       Backing up /home/samir/Projects/PHD26/ai-agentic/academic-research-skills/main_paper/07_results.tex to /home/samir/Projects/PHD26/ai-agentic/academic-research-skills/main_paper/07_results.bak8...
       /home/samir/Projects/PHD26/ai-agentic/academic-research-skills/main_paper/07_results.tex will be overwritten after indentation
INFO:  Phase 1: searching for objects
INFO:  Phase 2: finding surrounding indentation
INFO:  Phase 3: indenting objects
INFO:  Phase 4: final indentation check
INFO:  Output routine:
       Overwriting file /home/samir/Projects/PHD26/ai-agentic/academic-research-skills/main_paper/07_results.tex
       --------------
INFO:  Please direct all communication/issues to:
        https://github.com/cmhughes/latexindent.pl
