\BOOKMARK [1][-]{section.1}{\376\377\000I\000n\000t\000r\000o\000d\000u\000c\000t\000i\000o\000n}{}% 1
\BOOKMARK [1][-]{section.2}{\376\377\000I\000n\000t\000r\000o\000d\000u\000c\000t\000i\000o\000n}{}% 2
\BOOKMARK [2][-]{subsubsection.2.0.1}{\376\377\000W\000i\000F\000i\000\040\000H\000o\000t\000s\000p\000o\000t\000\040\000S\000h\000a\000r\000i\000n\000g\000\040\000S\000c\000e\000n\000a\000r\000i\000o}{section.2}% 3
\BOOKMARK [3][-]{subsubsection.2.0.2}{\376\377\000R\000e\000s\000e\000a\000r\000c\000h\000\040\000C\000h\000a\000l\000l\000e\000n\000g\000e\000s}{subsubsection.2.0.1}% 4
\BOOKMARK [2][-]{subsection.2.1}{\376\377\0001\000.\0001\000\040\000M\000o\000t\000i\000v\000a\000t\000i\000o\000n}{section.2}% 5
\BOOKMARK [2][-]{subsection.2.2}{\376\377\0002\000.\000\040\000B\000a\000c\000k\000g\000r\000o\000u\000n\000d\000\040\000a\000n\000d\000\040\000R\000e\000l\000a\000t\000e\000d\000\040\000W\000o\000r\000k}{section.2}% 6
\BOOKMARK [3][-]{subsubsection.2.2.1}{\376\377\0002\000.\0001\000\040\000M\000o\000v\000i\000n\000g\000\040\000I\000o\000T\000\040\000S\000e\000r\000v\000i\000c\000e\000\040\000C\000o\000m\000p\000o\000s\000i\000t\000i\000o\000n}{subsection.2.2}% 7
\BOOKMARK [3][-]{subsubsection.2.2.2}{\376\377\0002\000.\0002\000\040\000A\000c\000t\000o\000r\000-\000C\000r\000i\000t\000i\000c\000\040\000D\000e\000e\000p\000\040\000R\000e\000i\000n\000f\000o\000r\000c\000e\000m\000e\000n\000t\000\040\000L\000e\000a\000r\000n\000i\000n\000g}{subsection.2.2}% 8
\BOOKMARK [3][-]{subsubsection.2.2.3}{\376\377\0002\000.\0003\000\040\000N\000e\000t\000w\000o\000r\000k\000\040\000A\000r\000c\000h\000i\000t\000e\000c\000t\000u\000r\000e\000\040\000D\000e\000s\000i\000g\000n}{subsection.2.2}% 9
\BOOKMARK [3][-]{subsubsection.2.2.4}{\376\377\0002\000.\0004\000\040\000S\000i\000g\000n\000a\000l\000\040\000T\000r\000a\000n\000s\000m\000i\000s\000s\000i\000o\000n\000\040\000R\000e\000w\000a\000r\000d\000\040\000\050\000S\000T\000R\000\051\000\040\000B\000a\000s\000e\000d\000\040\000S\000e\000l\000e\000c\000t\000i\000o\000n\000\040\000F\000u\000n\000c\000t\000i\000o\000n}{subsection.2.2}% 10
\BOOKMARK [3][-]{subsubsection.2.2.5}{\376\377\0002\000.\0005\000\040\000R\000e\000c\000e\000n\000t\000\040\000A\000d\000v\000a\000n\000c\000e\000s\000\040\000i\000n\000\040\000D\000R\000L\000\040\000f\000o\000r\000\040\000S\000e\000r\000v\000i\000c\000e\000\040\000C\000o\000m\000p\000o\000s\000i\000t\000i\000o\000n}{subsection.2.2}% 11
\BOOKMARK [3][-]{subsubsection.2.2.6}{\376\377\0002\000.\0006\000\040\000S\000u\000r\000v\000e\000y\000s\000\040\000o\000n\000\040\000I\000o\000T\000\040\000S\000e\000r\000v\000i\000c\000e\000\040\000C\000o\000m\000p\000o\000s\000i\000t\000i\000o\000n}{subsection.2.2}% 12
\BOOKMARK [3][-]{subsubsection.2.2.7}{\376\377\0002\000.\0007\000\040\000T\000h\000e\000o\000r\000e\000t\000i\000c\000a\000l\000\040\000F\000o\000u\000n\000d\000a\000t\000i\000o\000n\000s}{subsection.2.2}% 13
\BOOKMARK [3][-]{subsubsection.2.2.8}{\376\377\0002\000.\0008\000\040\000R\000e\000l\000a\000t\000e\000d\000\040\000W\000o\000r\000k}{subsection.2.2}% 14
\BOOKMARK [3][-]{subsubsection.2.2.9}{\376\377\0002\000.\0009\000\040\000L\000i\000t\000e\000r\000a\000t\000u\000r\000e\000\040\000R\000e\000v\000i\000e\000w}{subsection.2.2}% 15
\BOOKMARK [2][-]{subsection.2.3}{\376\377\0003\000.\000\040\000P\000r\000o\000p\000o\000s\000e\000d\000\040\000A\0002\000C\000-\000B\000a\000s\000e\000d\000\040\000F\000r\000a\000m\000e\000w\000o\000r\000k}{section.2}% 16
\BOOKMARK [3][-]{subsubsection.2.3.1}{\376\377\0003\000.\0001\000\040\000P\000r\000o\000b\000l\000e\000m\000\040\000F\000o\000r\000m\000a\000l\000i\000z\000a\000t\000i\000o\000n}{subsection.2.3}% 17
\BOOKMARK [3][-]{subsubsection.2.3.2}{\376\377\0003\000.\0003\000\040\000E\000n\000v\000i\000r\000o\000n\000m\000e\000n\000t\000\040\000I\000n\000t\000e\000r\000a\000c\000t\000i\000o\000n\000\040\000a\000n\000d\000\040\000T\000r\000a\000i\000n\000i\000n\000g\000\040\000A\000l\000g\000o\000r\000i\000t\000h\000m}{subsection.2.3}% 18
\BOOKMARK [3][-]{subsubsection.2.3.3}{\376\377\0003\000.\0002\000\040\000S\000T\000R\000-\000B\000a\000s\000e\000d\000\040\000S\000e\000l\000e\000c\000t\000i\000o\000n\000\040\000w\000i\000t\000h\000\040\000C\000a\000p\000a\000c\000i\000t\000y\000\040\000I\000n\000t\000e\000g\000r\000a\000t\000i\000o\000n}{subsection.2.3}% 19
\BOOKMARK [3][-]{subsubsection.2.3.4}{\376\377\0003\000.\0003\000\040\000A\0002\000C\000\040\000A\000l\000g\000o\000r\000i\000t\000h\000m\000\040\000D\000e\000s\000i\000g\000n}{subsection.2.3}% 20
\BOOKMARK [3][-]{subsubsection.2.3.5}{\376\377\0003\000.\0003\000.\0001\000\040\000C\000o\000n\000v\000e\000r\000g\000e\000n\000c\000e\000\040\000a\000n\000d\000\040\000C\000o\000m\000p\000l\000e\000x\000i\000t\000y\000\040\000A\000n\000a\000l\000y\000s\000i\000s}{subsection.2.3}% 21
\BOOKMARK [3][-]{subsubsection.2.3.6}{\376\377\0003\000.\0004\000\040\000N\000e\000t\000w\000o\000r\000k\000\040\000A\000r\000c\000h\000i\000t\000e\000c\000t\000u\000r\000e\000s}{subsection.2.3}% 22
\BOOKMARK [2][-]{subsection.2.4}{\376\377\0003\000.\0005\000\040\000R\000e\000l\000a\000t\000i\000v\000e\000\040\000P\000o\000l\000a\000r\000\040\000C\000o\000o\000r\000d\000i\000n\000a\000t\000e\000\040\000R\000e\000p\000r\000e\000s\000e\000n\000t\000a\000t\000i\000o\000n}{section.2}% 23
\BOOKMARK [3][-]{subsubsection.2.4.1}{\376\377\0003\000.\0006\000\040\000S\000p\000a\000t\000i\000o\000-\000T\000e\000m\000p\000o\000r\000a\000l\000\040\000C\000o\000n\000s\000t\000r\000a\000i\000n\000t\000\040\000H\000a\000n\000d\000l\000i\000n\000g\000\040\000w\000i\000t\000h\000\040\000S\000T\000R\000-\000B\000a\000s\000e\000d\000\040\000C\000a\000p\000a\000c\000i\000t\000y}{subsection.2.4}% 24
\BOOKMARK [2][-]{subsection.2.5}{\376\377\0004\000.\000\040\000E\000x\000p\000e\000r\000i\000m\000e\000n\000t\000a\000l\000\040\000S\000e\000t\000u\000p}{section.2}% 25
\BOOKMARK [3][-]{subsubsection.2.5.1}{\376\377\0004\000.\0001\000\040\000D\000a\000t\000a\000s\000e\000t\000s}{subsection.2.5}% 26
\BOOKMARK [3][-]{subsubsection.2.5.2}{\376\377\0004\000.\0002\000\040\000P\000r\000e\000p\000r\000o\000c\000e\000s\000s\000i\000n\000g\000\040\000P\000i\000p\000e\000l\000i\000n\000e}{subsection.2.5}% 27
